// Vitest Snapshot v1, https://vitest.dev/guide/snapshot.html

exports[`POST /revisions/upload -- Stack > should validate stack 1`] = `
{
  "error": {
    "code": "validation_error",
    "fields": {
      "stack.childs": {
        "code": "invalid_type",
        "message": "Required",
        "path": [
          "stack",
          "childs",
        ],
      },
      "stack.dependencies": {
        "code": "invalid_type",
        "message": "Required",
        "path": [
          "stack",
          "dependencies",
        ],
      },
      "stack.edges": {
        "code": "invalid_type",
        "message": "Required",
        "path": [
          "stack",
          "edges",
        ],
      },
      "stack.id": {
        "code": "invalid_type",
        "message": "Required",
        "path": [
          "stack",
          "id",
        ],
      },
      "stack.inComponent": {
        "code": "invalid_type",
        "message": "Required",
        "path": [
          "stack",
          "inComponent",
        ],
      },
      "stack.languages": {
        "code": "invalid_type",
        "message": "Required",
        "path": [
          "stack",
          "languages",
        ],
      },
      "stack.path": {
        "code": "invalid_type",
        "message": "Required",
        "path": [
          "stack",
          "path",
        ],
      },
      "stack.reason": {
        "code": "invalid_type",
        "message": "Required",
        "path": [
          "stack",
          "reason",
        ],
      },
      "stack.tech": {
        "code": "invalid_type",
        "message": "Required",
        "path": [
          "stack",
          "tech",
        ],
      },
      "stack.techs": {
        "code": "invalid_type",
        "message": "Required",
        "path": [
          "stack",
          "techs",
        ],
      },
    },
    "form": [],
  },
}
`;
